Microchip MPLAB XC8 Compiler V1.35 ()

Linker command line:

--edf=/opt/microchip/xc8/v1.35/dat/en_msgs.txt -cs \
  -h+dist/default/production/WeatherStation690.X.production.sym \
  --cmf=dist/default/production/WeatherStation690.X.production.cmf -z \
  -Q16F690 -o/tmp/xcXUTXPuP \
  -Mdist/default/production/WeatherStation690.X.production.map -E1 -ver=XC8 \
  -ASTACK=0E0h-0efh -pstack=STACK -ACODE=00h-07FFhx2 -ASTRCODE=00h-0FFFh \
  -ASTRING=00h-0FFhx16 -ACONST=00h-0FFhx16 -AENTRY=00h-0FFhx16 \
  -ACOMMON=070h-07Fh -ABANK0=020h-06Fh -ABANK1=0A0h-0EFh \
  -ABANK2=0120h-016Fh -ARAM=020h-06Fh,0A0h-0EFh,0120h-016Fh \
  -AABS1=020h-07Fh,0A0h-0EFh,0120h-016Fh -ASFR0=00h-01Fh -ASFR1=080h-09Fh \
  -ASFR2=0100h-011Fh -ASFR3=0180h-01EFh \
  -preset_vec=00h,intentry=04h,init,end_init -ppowerup=CODE -pcinit=CODE \
  -pfunctab=CODE -ACONFIG=02007h-02007h -pconfig=CONFIG -DCONFIG=2 \
  -AIDLOC=02000h-02003h -pidloc=IDLOC -DIDLOC=2 -AEEDATA=00h-0FFh/02100h \
  -peeprom_data=EEDATA -DEEDATA=2 -DCODE=2 -DSTRCODE=2 -DSTRING=2 -DCONST=2 \
  -DENTRY=2 -k /tmp/xcX4W4Ol1.obj \
  dist/default/production/WeatherStation690.X.production.obj 

Object code version is 3.11

Machine type is 16F690



                Name                               Link     Load   Length Selector   Space Scale
/tmp/xcX4W4Ol1.obj
                end_init                             11       11        2        8       0
                reset_vec                             0        0        2        0       0
                config                             2007     2007        1     400E       0
dist/default/production/WeatherStation690.X.production.obj
                cinit                                13       13       1C        8       0
                intentry                              4        4        D        8       0
                text31                              F56      F56       18     1EAC       0
                text30                              F14      F14       16     1E28       0
                text29                              63C      63C       4E        8       0
                text28                              F8C      F8C       21     1F18       0
                text27                              742      742       37        8       0
                text26                              EFF      EFF       15     1DFE       0
                text25                              ECD      ECD       10     1D9A       0
                text24                              EA9      EA9        C     1D52       0
                text23                              EB5      EB5        C     1D6A       0
                text22                              EC1      EC1        C     1D82       0
                text21                              7AC      7AC       2E        8       0
                text20                              68A      68A       48        8       0
                text19                              FAD      FAD       27     1F5A       0
                text18                              3F2      3F2       D4        8       0
                text17                              5DC      5DC       60        8       0
                text16                              7DA      7DA       22        8       0
                text15                              553      553       89        8       0
                text14                              F6E      F6E       1E     1EDC       0
                text13                              4C6      4C6       8D        8       0
                text12                              E7E      E7E        7     1CFC       0
                text11                              7FC      7FC        3        8       0
                text10                              779      779       33        8       0
                text9                               FD4      FD4       2C     1FA8       0
                text8                               70B      70B       37        8       0
                text7                               2C0      2C0      132        8       0
                text6                               6D2      6D2       39        8       0
                text5                               E94      E94        A     1D28       0
                text4                               E9E      E9E        B     1D3C       0
                text3                               EED      EED       12     1DDA       0
                text2                               E85      E85        7     1D0A       0
                text1                               F2A      F2A       16     1E54       0
                maintext                             2F       2F      291        8       0
                cstackBANK0                          20       20       30       20       1
                cstackCOMMON                         70       70        B       70       1
                cstackBANK1                          A0       A0       40       A0       1
                inittext                            EDD      EDD       10     1DBA       0
                clrtext                             E8C      E8C        8     1D18       0
                bssBANK2                            120      120       4A      120       1
                dataBANK0                            50       50       16       20       1
                bssBANK0                             66       66        5       20       1
                bssCOMMON                            7B       7B        2       70       1
                idataBANK0                          F40      F40       16     1E80       0

TOTAL           Name                               Link     Load   Length     Space
        CLASS   STACK          

        CLASS   CODE           
                end_init                             11       11        2         0
                cinit                                13       13       1C         0
                intentry                              4        4        D         0
                reset_vec                             0        0        2         0
                text31                              F56      F56       18         0
                text30                              F14      F14       16         0
                text29                              63C      63C       4E         0
                text28                              F8C      F8C       21         0
                text27                              742      742       37         0
                text26                              EFF      EFF       15         0
                text25                              ECD      ECD       10         0
                text24                              EA9      EA9        C         0
                text23                              EB5      EB5        C         0
                text22                              EC1      EC1        C         0
                text21                              7AC      7AC       2E         0
                text20                              68A      68A       48         0
                text19                              FAD      FAD       27         0
                text18                              3F2      3F2       D4         0
                text17                              5DC      5DC       60         0
                text16                              7DA      7DA       22         0
                text15                              553      553       89         0
                text14                              F6E      F6E       1E         0
                text13                              4C6      4C6       8D         0
                text12                              E7E      E7E        7         0
                text11                              7FC      7FC        3         0
                text10                              779      779       33         0
                text9                               FD4      FD4       2C         0
                text8                               70B      70B       37         0
                text7                               2C0      2C0      132         0
                text6                               6D2      6D2       39         0
                text5                               E94      E94        A         0
                text4                               E9E      E9E        B         0
                text3                               EED      EED       12         0
                text2                               E85      E85        7         0
                text1                               F2A      F2A       16         0
                maintext                             2F       2F      291         0
                inittext                            EDD      EDD       10         0
                clrtext                             E8C      E8C        8         0
                idataBANK0                          F40      F40       16         0

        CLASS   STRCODE        

        CLASS   STRING         

        CLASS   CONST          

        CLASS   ENTRY          

        CLASS   COMMON         
                cstackCOMMON                         70       70        B         1
                bssCOMMON                            7B       7B        2         1

        CLASS   BANK0          
                cstackBANK0                          20       20       30         1
                dataBANK0                            50       50       16         1
                bssBANK0                             66       66        5         1

        CLASS   BANK1          
                cstackBANK1                          A0       A0       40         1

        CLASS   BANK2          
                bssBANK2                            120      120       4A         1

        CLASS   RAM            

        CLASS   ABS1           
                abs_s1                               7E       7E        2         1

        CLASS   SFR0           

        CLASS   SFR1           

        CLASS   SFR2           

        CLASS   SFR3           

        CLASS   CONFIG         
                config                             2007     2007        1         0

        CLASS   IDLOC          

        CLASS   EEDATA         

        CLASS   BANK3          



SEGMENTS        Name                           Load    Length   Top    Selector   Space  Class     Delta

                reset_vec                      000000  000002  000002         0       0  CODE        2
                intentry                       000004  0007FB  0007FF         8       0  CODE        2
                cstackBANK0                    000020  00004B  00006B        20       1  BANK0       1
                cstackCOMMON                   000070  00000D  00007D        70       1  COMMON      1
                cstackBANK1                    0000A0  000040  0000E0        A0       1  BANK1       1
                bssBANK2                       000120  00004A  00016A       120       1  BANK2       1
                text12                         000E7E  000007  000E85      1CFC       0  CODE        2
                text2                          000E85  000007  000E8C      1D0A       0  CODE        2
                clrtext                        000E8C  000008  000E94      1D18       0  CODE        2
                text5                          000E94  00000A  000E9E      1D28       0  CODE        2
                text4                          000E9E  00000B  000EA9      1D3C       0  CODE        2
                text24                         000EA9  00000C  000EB5      1D52       0  CODE        2
                text23                         000EB5  00000C  000EC1      1D6A       0  CODE        2
                text22                         000EC1  00000C  000ECD      1D82       0  CODE        2
                text25                         000ECD  000010  000EDD      1D9A       0  CODE        2
                inittext                       000EDD  000010  000EED      1DBA       0  CODE        2
                text3                          000EED  000012  000EFF      1DDA       0  CODE        2
                text26                         000EFF  000015  000F14      1DFE       0  CODE        2
                text30                         000F14  000016  000F2A      1E28       0  CODE        2
                text1                          000F2A  000016  000F40      1E54       0  CODE        2
                idataBANK0                     000F40  000016  000F56      1E80       0  CODE        2
                text31                         000F56  000018  000F6E      1EAC       0  CODE        2
                text14                         000F6E  00001E  000F8C      1EDC       0  CODE        2
                text28                         000F8C  000021  000FAD      1F18       0  CODE        2
                text19                         000FAD  000027  000FD4      1F5A       0  CODE        2
                text9                          000FD4  00002C  001000      1FA8       0  CODE        2
                config                         002007  000001  002008      400E       0  CONFIG      2


UNUSED ADDRESS RANGES

        Name                Unused          Largest block    Delta
        BANK0            006B-006F              5           1
        BANK1            00E0-00EF             10           1
        BANK2            016A-016F              6           1
        CODE             0002-0003              2           2
                         07FF-0E7D              1
        COMMON           007D-007D              1           1
        CONST            0002-0003              2           2
                         07FF-0E7D            100
        EEDATA           2100-21FF            100           2
        ENTRY            0002-0003              2           2
                         07FF-0E7D            100
        IDLOC            2000-2003              4           2
        RAM              006B-006F              5           1
                         00E0-00EF             10
                         016A-016F              6
        SFR0             0000-001F             20           1
        SFR1             0080-009F             20           1
        SFR2             0100-011F             20           1
        SFR3             0180-01EF             70           1
        STACK            00E0-00EF             10           1
        STRCODE          0002-0003              2           2
                         07FF-0E7D            67F
        STRING           0002-0003              2           2
                         07FF-0E7D            100

                                  Symbol Table

?_bmp180_get_up                 cstackBANK0  0030
?_bmp180_get_ut                 cstackBANK0  0030
_ADCON0bits                     (abs)        001F
_ANSEL                          (abs)        011E
_ANSELH                         (abs)        011F
_BRG16                          (abs)        04DB
_BRGH                           (abs)        04C2
_GIE                            (abs)        005F
_INTCONbits                     (abs)        000B
_OPTION_REGbits                 (abs)        0081
_OSCCON                         (abs)        008F
_PIE1bits                       (abs)        008C
_PIR1bits                       (abs)        000C
_PORTBbits                      (abs)        0006
_PORTCbits                      (abs)        0007
_RCIF                           (abs)        0065
_RCREG                          (abs)        001A
_RCSTA                          (abs)        0018
_SPBRG                          (abs)        0099
_SSPCON                         (abs)        0014
_SSPIF                          (abs)        0063
_SYNC                           (abs)        04C4
_T1CONbits                      (abs)        0010
_TMR0                           (abs)        0001
_TRISBbits                      (abs)        0086
_TRISCbits                      (abs)        0087
_TXIF                           (abs)        0064
_TXREG                          (abs)        0019
_TXSTA                          (abs)        0098
__CFG_BOREN$OFF                 (abs)        0000
__CFG_CP$OFF                    (abs)        0000
__CFG_CPD$OFF                   (abs)        0000
__CFG_FCMEN$OFF                 (abs)        0000
__CFG_FOSC$INTRCIO              (abs)        0000
__CFG_IESO$OFF                  (abs)        0000
__CFG_MCLRE$ON                  (abs)        0000
__CFG_PWRTE$ON                  (abs)        0000
__CFG_WDTE$OFF                  (abs)        0000
__Habs1                         abs1         0000
__Hbank0                        bank0        0000
__Hbank1                        bank1        0000
__Hbank2                        bank2        0000
__Hbank3                        bank3        0000
__HbssBANK0                     bssBANK0     0000
__HbssBANK2                     bssBANK2     0000
__HbssCOMMON                    bssCOMMON    0000
__Hcinit                        cinit        002F
__Hclrtext                      clrtext      0000
__Hcode                         code         0000
__Hcommon                       common       0000
__Hconfig                       config       2008
__HcstackBANK0                  cstackBANK0  0000
__HcstackBANK1                  cstackBANK1  0000
__HcstackCOMMON                 cstackCOMMON 0000
__HdataBANK0                    dataBANK0    0000
__Heeprom_data                  eeprom_data  0000
__Hend_init                     end_init     0013
__Hfunctab                      functab      0000
__HidataBANK0                   idataBANK0   0000
__Hidloc                        idloc        0000
__Hinit                         init         0011
__Hinittext                     inittext     0000
__Hintentry                     intentry     0011
__Hmaintext                     maintext     0000
__Hpowerup                      powerup      0000
__Hram                          ram          0000
__Hreset_vec                    reset_vec    0002
__Hsfr0                         sfr0         0000
__Hsfr1                         sfr1         0000
__Hsfr2                         sfr2         0000
__Hsfr3                         sfr3         0000
__Hspace_0                      (abs)        2008
__Hspace_1                      (abs)        016A
__Hspace_2                      (abs)        0000
__Hspace_3                      (abs)        0000
__Hstack                        stack        0000
__Hstrings                      strings      0000
__Htext                         text         0000
__Labs1                         abs1         0000
__Lbank0                        bank0        0000
__Lbank1                        bank1        0000
__Lbank2                        bank2        0000
__Lbank3                        bank3        0000
__LbssBANK0                     bssBANK0     0000
__LbssBANK2                     bssBANK2     0000
__LbssCOMMON                    bssCOMMON    0000
__Lcinit                        cinit        0013
__Lclrtext                      clrtext      0000
__Lcode                         code         0000
__Lcommon                       common       0000
__Lconfig                       config       2007
__LcstackBANK0                  cstackBANK0  0000
__LcstackBANK1                  cstackBANK1  0000
__LcstackCOMMON                 cstackCOMMON 0000
__LdataBANK0                    dataBANK0    0000
__Leeprom_data                  eeprom_data  0000
__Lend_init                     end_init     0011
__Lfunctab                      functab      0000
__LidataBANK0                   idataBANK0   0000
__Lidloc                        idloc        0000
__Linit                         init         0011
__Linittext                     inittext     0000
__Lintentry                     intentry     0004
__Lmaintext                     maintext     0000
__Lpowerup                      powerup      0000
__Lram                          ram          0000
__Lreset_vec                    reset_vec    0000
__Lsfr0                         sfr0         0000
__Lsfr1                         sfr1         0000
__Lsfr2                         sfr2         0000
__Lsfr3                         sfr3         0000
__Lspace_0                      (abs)        0000
__Lspace_1                      (abs)        0000
__Lspace_2                      (abs)        0000
__Lspace_3                      (abs)        0000
__Lstack                        stack        0000
__Lstrings                      strings      0000
__Ltext                         text         0000
__S0                            (abs)        2008
__S1                            (abs)        016A
__S2                            (abs)        0000
__S3                            (abs)        0000
___int_sp                       stack        0000
___latbits                      (abs)        0001
___sp                           stack        0000
__end_of__initialization        cinit        002C
__end_of_bmp180_get_up          text18       04C6
__end_of_bmp180_get_ut          text17       063C
__end_of_bmp180_init            text16       07FC
__end_of_bmp180_read_params     text15       05DC
__end_of_dht22_init             text14       0F8C
__end_of_dht22_read             text13       0553
__end_of_ds18b20_init           text11       07FF
__end_of_ds18b20_read_scratch   text7        03F2
__end_of_ds18b20_start_convert  text6        070B
__end_of_i2c_fw_init            text5        0E9E
__end_of_i2c_fw_read_byte       text27       0779
__end_of_i2c_fw_read_status     text26       0F14
__end_of_i2c_fw_repstart        text25       0EDD
__end_of_i2c_fw_send_ack        text24       0EB5
__end_of_i2c_fw_start           text23       0EC1
__end_of_i2c_fw_stop            text22       0ECD
__end_of_i2c_fw_write_and_read  text20       06D2
__end_of_i2c_fw_write_byte      text21       07DA
__end_of_i2c_fw_write_only      text19       0FD4
__end_of_init_tx_interrupt      text4        0EA9
__end_of_isr                    text28       0FAD
__end_of_main                   maintext     02C0
__end_of_ow_init                text12       0E85
__end_of_ow_read_byte           text10       07AC
__end_of_ow_reset               text9        1000
__end_of_ow_write_byte          text8        0742
__end_of_pic_init               text3        0EFF
__end_of_sendbit                text31       0F6E
__end_of_sendbyte               text30       0F2A
__end_of_tx_init                text2        0E8C
__end_of_tx_send_data           text29       068A
__end_of_uart_init              text1        0F40
__initialization                cinit        0013
__pbssBANK0                     bssBANK0     0066
__pbssBANK2                     bssBANK2     0120
__pbssCOMMON                    bssCOMMON    007B
__pcstackBANK0                  cstackBANK0  0020
__pcstackBANK1                  cstackBANK1  00A0
__pcstackCOMMON                 cstackCOMMON 0070
__pdataBANK0                    dataBANK0    0050
__pidataBANK0                   idataBANK0   0F40
__pintentry                     intentry     0004
__pmaintext                     maintext     002F
__ptext1                        text1        0F2A
__ptext10                       text10       0779
__ptext11                       text11       07FC
__ptext12                       text12       0E7E
__ptext13                       text13       04C6
__ptext14                       text14       0F6E
__ptext15                       text15       0553
__ptext16                       text16       07DA
__ptext17                       text17       05DC
__ptext18                       text18       03F2
__ptext19                       text19       0FAD
__ptext2                        text2        0E85
__ptext20                       text20       068A
__ptext21                       text21       07AC
__ptext22                       text22       0EC1
__ptext23                       text23       0EB5
__ptext24                       text24       0EA9
__ptext25                       text25       0ECD
__ptext26                       text26       0EFF
__ptext27                       text27       0742
__ptext28                       text28       0F8C
__ptext29                       text29       063C
__ptext3                        text3        0EED
__ptext30                       text30       0F14
__ptext31                       text31       0F56
__ptext4                        text4        0E9E
__ptext5                        text5        0E94
__ptext6                        text6        06D2
__ptext7                        text7        02C0
__ptext8                        text8        070B
__ptext9                        text9        0FD4
__size_of_bmp180_get_up         (abs)        0000
__size_of_bmp180_get_ut         (abs)        0000
__size_of_bmp180_init           (abs)        0000
__size_of_bmp180_read_params    (abs)        0000
__size_of_dht22_init            (abs)        0000
__size_of_dht22_read            (abs)        0000
__size_of_ds18b20_init          (abs)        0000
__size_of_ds18b20_read_scratch  (abs)        0000
__size_of_ds18b20_start_convert (abs)        0000
__size_of_i2c_fw_init           (abs)        0000
__size_of_i2c_fw_read_byte      (abs)        0000
__size_of_i2c_fw_read_status    (abs)        0000
__size_of_i2c_fw_repstart       (abs)        0000
__size_of_i2c_fw_send_ack       (abs)        0000
__size_of_i2c_fw_start          (abs)        0000
__size_of_i2c_fw_stop           (abs)        0000
__size_of_i2c_fw_write_and_read (abs)        0000
__size_of_i2c_fw_write_byte     (abs)        0000
__size_of_i2c_fw_write_only     (abs)        0000
__size_of_init_tx_interrupt     (abs)        0000
__size_of_isr                   (abs)        0000
__size_of_main                  (abs)        0000
__size_of_ow_init               (abs)        0000
__size_of_ow_read_byte          (abs)        0000
__size_of_ow_reset              (abs)        0000
__size_of_ow_write_byte         (abs)        0000
__size_of_pic_init              (abs)        0000
__size_of_sendbit               (abs)        0000
__size_of_sendbyte              (abs)        0000
__size_of_tx_init               (abs)        0000
__size_of_tx_send_data          (abs)        0000
__size_of_uart_init             (abs)        0000
_bmp180_get_up                  text18       03F2
_bmp180_get_ut                  text17       05DC
_bmp180_init                    text16       07DA
_bmp180_read_params             text15       0553
_data                           bssBANK2     013A
_dht22_init                     text14       0F6E
_dht22_read                     text13       04C6
_ds18b20_init                   text11       07FC
_ds18b20_read_scratch           text7        02C0
_ds18b20_start_convert          text6        06D2
_i2c_fw_init                    text5        0E94
_i2c_fw_read_byte               text27       0742
_i2c_fw_read_status             text26       0EFF
_i2c_fw_repstart                text25       0ECD
_i2c_fw_send_ack                text24       0EA9
_i2c_fw_start                   text23       0EB5
_i2c_fw_stop                    text22       0EC1
_i2c_fw_write_and_read          text20       068A
_i2c_fw_write_byte              text21       07AC
_i2c_fw_write_only              text19       0FAD
_init_tx_interrupt              text4        0E9E
_isr                            text28       0F8C
_main                           maintext     002F
_ow_init                        text12       0E7E
_ow_read_byte                   text10       0779
_ow_reset                       text9        0FD4
_ow_write_byte                  text8        070B
_pic_init                       text3        0EED
_scale                          bssCOMMON    007C
_sendbit                        text31       0F56
_sendbyte                       text30       0F14
_tx_init                        text2        0E85
_tx_send_data                   text29       063C
_uart_init                      text1        0F2A
bmp180_get_up@data              cstackBANK0  0040
bmp180_get_up@device            cstackBANK0  0043
bmp180_get_up@tmp               cstackBANK0  003C
bmp180_get_ut@data              cstackBANK0  0036
bmp180_get_ut@device            cstackBANK0  0038
bmp180_init@data                cstackBANK0  0033
bmp180_init@device              cstackBANK0  0034
bmp180_read_params@data         cstackBANK0  0033
bmp180_read_params@device       cstackBANK0  004B
bmp180_read_params@i            cstackBANK0  004A
bmp180_read_params@j            cstackBANK0  0049
btemp                           (abs)        007E
clear_ram0                      clrtext      0E8C
dht22_read@humidity             cstackBANK0  0029
dht22_read@i                    cstackBANK0  002D
dht22_read@p                    cstackBANK0  002C
dht22_read@ptr                  cstackBANK0  002B
dht22_read@s                    cstackBANK0  002E
dht22_read@temp                 cstackBANK0  0027
ds18b20_read_scratch@dev        cstackBANK0  002D
ds18b20_read_scratch@i          cstackBANK0  002C
ds18b20_start_convert@dev       cstackBANK0  002C
ds18b20_start_convert@i         cstackBANK0  002D
end_of_initialization           cinit        002C
i2c_fw_read_byte@data           cstackBANK0  0027
i2c_fw_read_byte@i              cstackBANK0  0028
i2c_fw_read_status@ret          cstackBANK0  0025
i2c_fw_write_and_read@addr      cstackBANK0  002E
i2c_fw_write_and_read@data      cstackBANK0  002B
i2c_fw_write_and_read@data_len  cstackBANK0  002A
i2c_fw_write_and_read@i         cstackBANK0  002F
i2c_fw_write_and_read@reg       cstackBANK0  0029
i2c_fw_write_byte@data          cstackBANK0  0027
i2c_fw_write_byte@i             cstackBANK0  0028
i2c_fw_write_only@addr          cstackBANK0  002C
i2c_fw_write_only@reg           cstackBANK0  0029
i2c_fw_write_only@value         cstackBANK0  002A
init_fetch0                     inittext     0EDD
init_ram0                       inittext     0EE1
interrupt_function              intentry     0004
intlevel0                       functab      0000
intlevel1                       functab      0000
intlevel2                       functab      0000
intlevel3                       functab      0000
intlevel4                       functab      0000
intlevel5                       functab      0000
ltemp                           (abs)        007E
ltemp0                          (abs)        007E
ltemp1                          (abs)        0082
ltemp2                          (abs)        0086
ltemp3                          (abs)        0080
main@F1621                      dataBANK0    0050
main@F1623                      bssBANK0     0066
main@F1625                      bssBANK2     0120
main@d1                         cstackBANK1  00AB
main@dev                        cstackBANK1  00B0
main@t1                         cstackBANK1  00CA
main@up                         cstackBANK1  00A7
main@ut                         cstackBANK1  00A5
ow_read_byte@data               cstackBANK0  0027
ow_read_byte@i                  cstackBANK0  0026
ow_reset@ret                    cstackBANK0  0026
ow_write_byte@data              cstackBANK0  0027
ow_write_byte@i                 cstackBANK0  0028
reset_vec                       reset_vec    0000
saved_w                         (abs)        007E
sendbit@bt                      cstackCOMMON 0071
sendbyte@data                   cstackCOMMON 0074
sendbyte@i                      cstackCOMMON 0075
stackhi                         (abs)        0000
stacklo                         (abs)        0000
start                           init         0011
start_initialization            cinit        0013
ttemp                           (abs)        007E
ttemp0                          (abs)        007E
ttemp1                          (abs)        0081
ttemp2                          (abs)        0084
ttemp3                          (abs)        0087
ttemp4                          (abs)        007F
tx_send_data@checksum           cstackCOMMON 0078
tx_send_data@data               cstackCOMMON 0076
tx_send_data@i                  cstackCOMMON 007A
tx_send_data@length             cstackCOMMON 0079
wtemp                           (abs)        007E
wtemp0                          (abs)        007E
wtemp1                          (abs)        0080
wtemp2                          (abs)        0082
wtemp3                          (abs)        0084
wtemp4                          (abs)        0086
wtemp5                          (abs)        0088
wtemp6                          (abs)        007F


FUNCTION INFORMATION:

 *************** function _main *****************
 Defined at:
		line 68 in file "main.c"
 Parameters:    Size  Location     Type
  argc            2   44[BANK0 ] int 
  argv            2   46[BANK0 ] PTR PTR unsigned char 
 Auto vars:     Size  Location     Type
  dev            26   16[BANK1 ] struct bmp180_t
  t1             22   42[BANK1 ] struct ds18b20
  d1              5   11[BANK1 ] struct dht22
  up              4    7[BANK1 ] unsigned long 
  ut              2    5[BANK1 ] unsigned short 
 Return value:  Size  Location     Type
                  2   44[BANK0 ] int 
 Registers used:
		wreg, fsr0l, fsr0h, status,2, status,0, btemp+1, pclath, cstack
 Tracked objects:
		On entry : 
		On exit  : 
		Unchanged: 
 Data sizes:     COMMON   BANK0   BANK1   BANK2
      Params:         0       4       0       0
      Locals:         0       0      59       0
      Temps:          0       0       5       0
      Totals:         0       4      64       0
Total ram usage:       68 bytes
 Hardware stack levels required when called:    7
 This function calls:
		_bmp180_get_up
		_bmp180_get_ut
		_bmp180_init
		_bmp180_read_params
		_dht22_init
		_dht22_read
		_ds18b20_init
		_ds18b20_read_scratch
		_ds18b20_start_convert
		_i2c_fw_init
		_init_tx_interrupt
		_pic_init
		_tx_init
		_uart_init
 This function is called by:
		Startup code after reset
 This function uses a non-reentrant model


 *************** function _uart_init *****************
 Defined at:
		line 7 in file "uart.c"
 Parameters:    Size  Location     Type
		None
 Auto vars:     Size  Location     Type
		None
 Return value:  Size  Location     Type
		None               void
 Registers used:
		wreg, status,2
 Tracked objects:
		On entry : 
		On exit  : 
		Unchanged: 
 Data sizes:     COMMON   BANK0   BANK1   BANK2
      Params:         0       0       0       0
      Locals:         0       0       0       0
      Temps:          0       0       0       0
      Totals:         0       0       0       0
Total ram usage:        0 bytes
 Hardware stack levels used:    1
 Hardware stack levels required when called:    4
 This function calls:
		Nothing
 This function is called by:
		_main
 This function uses a non-reentrant model


 *************** function _tx_init *****************
 Defined at:
		line 109 in file "wl_tx.c"
 Parameters:    Size  Location     Type
		None
 Auto vars:     Size  Location     Type
		None
 Return value:  Size  Location     Type
		None               void
 Registers used:
		None
 Tracked objects:
		On entry : 
		On exit  : 
		Unchanged: 
 Data sizes:     COMMON   BANK0   BANK1   BANK2
      Params:         0       0       0       0
      Locals:         0       0       0       0
      Temps:          0       0       0       0
      Totals:         0       0       0       0
Total ram usage:        0 bytes
 Hardware stack levels used:    1
 Hardware stack levels required when called:    4
 This function calls:
		Nothing
 This function is called by:
		_main
 This function uses a non-reentrant model


 *************** function _pic_init *****************
 Defined at:
		line 23 in file "main.c"
 Parameters:    Size  Location     Type
		None
 Auto vars:     Size  Location     Type
		None
 Return value:  Size  Location     Type
		None               void
 Registers used:
		wreg, status,2
 Tracked objects:
		On entry : 
		On exit  : 
		Unchanged: 
 Data sizes:     COMMON   BANK0   BANK1   BANK2
      Params:         0       0       0       0
      Locals:         0       0       0       0
      Temps:          0       0       0       0
      Totals:         0       0       0       0
Total ram usage:        0 bytes
 Hardware stack levels used:    1
 Hardware stack levels required when called:    4
 This function calls:
		Nothing
 This function is called by:
		_main
 This function uses a non-reentrant model


 *************** function _init_tx_interrupt *****************
 Defined at:
		line 37 in file "main.c"
 Parameters:    Size  Location     Type
		None
 Auto vars:     Size  Location     Type
		None
 Return value:  Size  Location     Type
		None               void
 Registers used:
		None
 Tracked objects:
		On entry : 
		On exit  : 
		Unchanged: 
 Data sizes:     COMMON   BANK0   BANK1   BANK2
      Params:         0       0       0       0
      Locals:         0       0       0       0
      Temps:          0       0       0       0
      Totals:         0       0       0       0
Total ram usage:        0 bytes
 Hardware stack levels used:    1
 Hardware stack levels required when called:    4
 This function calls:
		Nothing
 This function is called by:
		_main
 This function uses a non-reentrant model


 *************** function _i2c_fw_init *****************
 Defined at:
		line 10 in file "i2c_fw_master.c"
 Parameters:    Size  Location     Type
		None
 Auto vars:     Size  Location     Type
		None
 Return value:  Size  Location     Type
		None               void
 Registers used:
		wreg
 Tracked objects:
		On entry : 
		On exit  : 
		Unchanged: 
 Data sizes:     COMMON   BANK0   BANK1   BANK2
      Params:         0       0       0       0
      Locals:         0       0       0       0
      Temps:          0       0       0       0
      Totals:         0       0       0       0
Total ram usage:        0 bytes
 Hardware stack levels used:    1
 Hardware stack levels required when called:    4
 This function calls:
		Nothing
 This function is called by:
		_main
 This function uses a non-reentrant model


 *************** function _ds18b20_start_convert *****************
 Defined at:
		line 106 in file "ds18b20.c"
 Parameters:    Size  Location     Type
  dev             1    wreg     PTR struct ds18b20
		 -> main@t1(22), 
 Auto vars:     Size  Location     Type
  dev             1   12[BANK0 ] PTR struct ds18b20
		 -> main@t1(22), 
  i               1   13[BANK0 ] unsigned char 
 Return value:  Size  Location     Type
		None               void
 Registers used:
		wreg, fsr0l, fsr0h, status,2, status,0, pclath, cstack
 Tracked objects:
		On entry : 
		On exit  : 
		Unchanged: 
 Data sizes:     COMMON   BANK0   BANK1   BANK2
      Params:         0       0       0       0
      Locals:         0       2       0       0
      Temps:          0       3       0       0
      Totals:         0       5       0       0
Total ram usage:        5 bytes
 Hardware stack levels used:    1
 Hardware stack levels required when called:    5
 This function calls:
		_ow_reset
		_ow_write_byte
 This function is called by:
		_main
 This function uses a non-reentrant model


 *************** function _ds18b20_read_scratch *****************
 Defined at:
		line 50 in file "ds18b20.c"
 Parameters:    Size  Location     Type
  dev             1    wreg     PTR struct ds18b20
		 -> main@t1(22), 
 Auto vars:     Size  Location     Type
  dev             1   13[BANK0 ] PTR struct ds18b20
		 -> main@t1(22), 
  i               1   12[BANK0 ] unsigned char 
 Return value:  Size  Location     Type
		None               void
 Registers used:
		wreg, fsr0l, fsr0h, status,2, status,0, btemp+1, pclath, cstack
 Tracked objects:
		On entry : 
		On exit  : 
		Unchanged: 
 Data sizes:     COMMON   BANK0   BANK1   BANK2
      Params:         0       0       0       0
      Locals:         0       2       0       0
      Temps:          0       3       0       0
      Totals:         0       5       0       0
Total ram usage:        5 bytes
 Hardware stack levels used:    1
 Hardware stack levels required when called:    5
 This function calls:
		_ow_read_byte
		_ow_reset
		_ow_write_byte
 This function is called by:
		_main
 This function uses a non-reentrant model


 *************** function _ow_write_byte *****************
 Defined at:
		line 65 in file "onewire.c"
 Parameters:    Size  Location     Type
  data            1    wreg     unsigned char 
 Auto vars:     Size  Location     Type
  data            1    7[BANK0 ] unsigned char 
  i               1    8[BANK0 ] unsigned char 
 Return value:  Size  Location     Type
		None               void
 Registers used:
		wreg, status,2, status,0
 Tracked objects:
		On entry : 
		On exit  : 
		Unchanged: 
 Data sizes:     COMMON   BANK0   BANK1   BANK2
      Params:         0       0       0       0
      Locals:         0       2       0       0
      Temps:          0       2       0       0
      Totals:         0       4       0       0
Total ram usage:        4 bytes
 Hardware stack levels used:    1
 Hardware stack levels required when called:    4
 This function calls:
		Nothing
 This function is called by:
		_ds18b20_read_scratch
		_ds18b20_start_convert
		_ds18b20_read_rom
		_ds18b20_write_scratch
		_ds18b20_copy_scratch
		_ds18b20_recall_eeprom
 This function uses a non-reentrant model


 *************** function _ow_reset *****************
 Defined at:
		line 26 in file "onewire.c"
 Parameters:    Size  Location     Type
		None
 Auto vars:     Size  Location     Type
  ret             1    6[BANK0 ] unsigned char 
 Return value:  Size  Location     Type
                  1    wreg      unsigned char 
 Registers used:
		wreg, status,2
 Tracked objects:
		On entry : 
		On exit  : 
		Unchanged: 
 Data sizes:     COMMON   BANK0   BANK1   BANK2
      Params:         0       0       0       0
      Locals:         0       1       0       0
      Temps:          0       1       0       0
      Totals:         0       2       0       0
Total ram usage:        2 bytes
 Hardware stack levels used:    1
 Hardware stack levels required when called:    4
 This function calls:
		Nothing
 This function is called by:
		_ds18b20_read_scratch
		_ds18b20_start_convert
		_ds18b20_read_rom
		_ds18b20_write_scratch
		_ds18b20_copy_scratch
		_ds18b20_recall_eeprom
 This function uses a non-reentrant model


 *************** function _ow_read_byte *****************
 Defined at:
		line 110 in file "onewire.c"
 Parameters:    Size  Location     Type
		None
 Auto vars:     Size  Location     Type
  data            1    7[BANK0 ] unsigned char 
  i               1    6[BANK0 ] unsigned char 
 Return value:  Size  Location     Type
                  1    wreg      unsigned char 
 Registers used:
		wreg, status,2, status,0
 Tracked objects:
		On entry : 
		On exit  : 
		Unchanged: 
 Data sizes:     COMMON   BANK0   BANK1   BANK2
      Params:         0       0       0       0
      Locals:         0       2       0       0
      Temps:          0       1       0       0
      Totals:         0       3       0       0
Total ram usage:        3 bytes
 Hardware stack levels used:    1
 Hardware stack levels required when called:    4
 This function calls:
		Nothing
 This function is called by:
		_ds18b20_read_scratch
		_ds18b20_read_rom
 This function uses a non-reentrant model


 *************** function _ds18b20_init *****************
 Defined at:
		line 10 in file "ds18b20.c"
 Parameters:    Size  Location     Type
		None
 Auto vars:     Size  Location     Type
		None
 Return value:  Size  Location     Type
		None               void
 Registers used:
		status,2, status,0, pclath, cstack
 Tracked objects:
		On entry : 
		On exit  : 
		Unchanged: 
 Data sizes:     COMMON   BANK0   BANK1   BANK2
      Params:         0       0       0       0
      Locals:         0       0       0       0
      Temps:          0       0       0       0
      Totals:         0       0       0       0
Total ram usage:        0 bytes
 Hardware stack levels used:    1
 Hardware stack levels required when called:    5
 This function calls:
		_ow_init
 This function is called by:
		_main
 This function uses a non-reentrant model


 *************** function _ow_init *****************
 Defined at:
		line 17 in file "onewire.c"
 Parameters:    Size  Location     Type
		None
 Auto vars:     Size  Location     Type
		None
 Return value:  Size  Location     Type
		None               void
 Registers used:
		None
 Tracked objects:
		On entry : 
		On exit  : 
		Unchanged: 
 Data sizes:     COMMON   BANK0   BANK1   BANK2
      Params:         0       0       0       0
      Locals:         0       0       0       0
      Temps:          0       0       0       0
      Totals:         0       0       0       0
Total ram usage:        0 bytes
 Hardware stack levels used:    1
 Hardware stack levels required when called:    4
 This function calls:
		Nothing
 This function is called by:
		_ds18b20_init
 This function uses a non-reentrant model


 *************** function _dht22_read *****************
 Defined at:
		line 31 in file "dht22.c"
 Parameters:    Size  Location     Type
  s               1    wreg     PTR struct dht22
		 -> main@d1(5), 
 Auto vars:     Size  Location     Type
  s               1   14[BANK0 ] PTR struct dht22
		 -> main@d1(5), 
  humidity        2    9[BANK0 ] int 
  temp            2    7[BANK0 ] int 
  i               1   13[BANK0 ] unsigned char 
  p               1   12[BANK0 ] unsigned char 
  ptr             1   11[BANK0 ] PTR unsigned char 
		 -> d1.rhi(1), main@d1(5), 
 Return value:  Size  Location     Type
                  1    wreg      unsigned char 
 Registers used:
		wreg, fsr0l, fsr0h, status,2, status,0, btemp+1
 Tracked objects:
		On entry : 
		On exit  : 
		Unchanged: 
 Data sizes:     COMMON   BANK0   BANK1   BANK2
      Params:         0       0       0       0
      Locals:         0       8       0       0
      Temps:          0       2       0       0
      Totals:         0      10       0       0
Total ram usage:       10 bytes
 Hardware stack levels used:    1
 Hardware stack levels required when called:    4
 This function calls:
		Nothing
 This function is called by:
		_main
 This function uses a non-reentrant model


 *************** function _dht22_init *****************
 Defined at:
		line 12 in file "dht22.c"
 Parameters:    Size  Location     Type
		None
 Auto vars:     Size  Location     Type
		None
 Return value:  Size  Location     Type
		None               void
 Registers used:
		wreg
 Tracked objects:
		On entry : 
		On exit  : 
		Unchanged: 
 Data sizes:     COMMON   BANK0   BANK1   BANK2
      Params:         0       0       0       0
      Locals:         0       0       0       0
      Temps:          0       3       0       0
      Totals:         0       3       0       0
Total ram usage:        3 bytes
 Hardware stack levels used:    1
 Hardware stack levels required when called:    4
 This function calls:
		Nothing
 This function is called by:
		_main
 This function uses a non-reentrant model


 *************** function _bmp180_read_params *****************
 Defined at:
		line 29 in file "bmp180.c"
 Parameters:    Size  Location     Type
  device          1    wreg     PTR struct bmp180_t
		 -> main@dev(26), 
 Auto vars:     Size  Location     Type
  device          1   43[BANK0 ] PTR struct bmp180_t
		 -> main@dev(26), 
  data           22   19[BANK0 ] unsigned char [22]
  i               1   42[BANK0 ] unsigned char 
  j               1   41[BANK0 ] unsigned char 
 Return value:  Size  Location     Type
                  1    wreg      unsigned char 
 Registers used:
		wreg, fsr0l, fsr0h, status,2, status,0, pclath, cstack
 Tracked objects:
		On entry : 
		On exit  : 
		Unchanged: 
 Data sizes:     COMMON   BANK0   BANK1   BANK2
      Params:         0       0       0       0
      Locals:         0      25       0       0
      Temps:          0       3       0       0
      Totals:         0      28       0       0
Total ram usage:       28 bytes
 Hardware stack levels used:    1
 Hardware stack levels required when called:    6
 This function calls:
		_i2c_fw_write_and_read
 This function is called by:
		_main
 This function uses a non-reentrant model


 *************** function _bmp180_init *****************
 Defined at:
		line 8 in file "bmp180.c"
 Parameters:    Size  Location     Type
  device          1    wreg     PTR struct bmp180_t
		 -> main@dev(26), 
 Auto vars:     Size  Location     Type
  device          1   20[BANK0 ] PTR struct bmp180_t
		 -> main@dev(26), 
  data            1   19[BANK0 ] unsigned char 
 Return value:  Size  Location     Type
                  1    wreg      unsigned char 
 Registers used:
		wreg, fsr0l, fsr0h, status,2, status,0, pclath, cstack
 Tracked objects:
		On entry : 
		On exit  : 
		Unchanged: 
 Data sizes:     COMMON   BANK0   BANK1   BANK2
      Params:         0       0       0       0
      Locals:         0       2       0       0
      Temps:          0       3       0       0
      Totals:         0       5       0       0
Total ram usage:        5 bytes
 Hardware stack levels used:    1
 Hardware stack levels required when called:    6
 This function calls:
		_i2c_fw_write_and_read
 This function is called by:
		_main
 This function uses a non-reentrant model


 *************** function _bmp180_get_ut *****************
 Defined at:
		line 73 in file "bmp180.c"
 Parameters:    Size  Location     Type
  device          1    wreg     PTR struct bmp180_t
		 -> main@dev(26), 
 Auto vars:     Size  Location     Type
  device          1   24[BANK0 ] PTR struct bmp180_t
		 -> main@dev(26), 
  data            2   22[BANK0 ] unsigned char [2]
 Return value:  Size  Location     Type
                  2   16[BANK0 ] unsigned short 
 Registers used:
		wreg, fsr0l, fsr0h, status,2, status,0, btemp+1, pclath, cstack
 Tracked objects:
		On entry : 
		On exit  : 
		Unchanged: 
 Data sizes:     COMMON   BANK0   BANK1   BANK2
      Params:         0       2       0       0
      Locals:         0       3       0       0
      Temps:          0       4       0       0
      Totals:         0       9       0       0
Total ram usage:        9 bytes
 Hardware stack levels used:    1
 Hardware stack levels required when called:    6
 This function calls:
		_i2c_fw_write_and_read
		_i2c_fw_write_only
 This function is called by:
		_main
 This function uses a non-reentrant model


 *************** function _bmp180_get_up *****************
 Defined at:
		line 87 in file "bmp180.c"
 Parameters:    Size  Location     Type
  device          1    wreg     PTR struct bmp180_t
		 -> main@dev(26), 
 Auto vars:     Size  Location     Type
  device          1   35[BANK0 ] PTR struct bmp180_t
		 -> main@dev(26), 
  tmp             4   28[BANK0 ] unsigned long 
  data            3   32[BANK0 ] unsigned char [3]
 Return value:  Size  Location     Type
                  4   16[BANK0 ] unsigned long 
 Registers used:
		wreg, fsr0l, fsr0h, status,2, status,0, pclath, cstack
 Tracked objects:
		On entry : 
		On exit  : 
		Unchanged: 
 Data sizes:     COMMON   BANK0   BANK1   BANK2
      Params:         0       4       0       0
      Locals:         0       8       0       0
      Temps:          0       8       0       0
      Totals:         0      20       0       0
Total ram usage:       20 bytes
 Hardware stack levels used:    1
 Hardware stack levels required when called:    6
 This function calls:
		_i2c_fw_write_and_read
		_i2c_fw_write_only
 This function is called by:
		_main
 This function uses a non-reentrant model


 *************** function _i2c_fw_write_only *****************
 Defined at:
		line 207 in file "i2c_fw_master.c"
 Parameters:    Size  Location     Type
  addr            1    wreg     unsigned char 
  reg             1    9[BANK0 ] unsigned char 
  value           1   10[BANK0 ] unsigned char 
 Auto vars:     Size  Location     Type
  addr            1   12[BANK0 ] unsigned char 
 Return value:  Size  Location     Type
                  1    wreg      unsigned char 
 Registers used:
		wreg, status,2, status,0, pclath, cstack
 Tracked objects:
		On entry : 
		On exit  : 
		Unchanged: 
 Data sizes:     COMMON   BANK0   BANK1   BANK2
      Params:         0       2       0       0
      Locals:         0       1       0       0
      Temps:          0       1       0       0
      Totals:         0       4       0       0
Total ram usage:        4 bytes
 Hardware stack levels used:    1
 Hardware stack levels required when called:    5
 This function calls:
		_i2c_fw_read_status
		_i2c_fw_start
		_i2c_fw_stop
		_i2c_fw_write_byte
 This function is called by:
		_bmp180_get_ut
		_bmp180_get_up
 This function uses a non-reentrant model


 *************** function _i2c_fw_write_and_read *****************
 Defined at:
		line 171 in file "i2c_fw_master.c"
 Parameters:    Size  Location     Type
  addr            1    wreg     unsigned char 
  reg             1    9[BANK0 ] unsigned char 
  data_len        1   10[BANK0 ] unsigned char 
  data            1   11[BANK0 ] PTR unsigned char 
		 -> bmp180_get_up@data(3), bmp180_get_ut@data(2), bmp180_read_params@data(22), bmp180_init@data(1), 
 Auto vars:     Size  Location     Type
  addr            1   14[BANK0 ] unsigned char 
  i               1   15[BANK0 ] unsigned char 
 Return value:  Size  Location     Type
                  1    wreg      unsigned char 
 Registers used:
		wreg, fsr0l, fsr0h, status,2, status,0, pclath, cstack
 Tracked objects:
		On entry : 
		On exit  : 
		Unchanged: 
 Data sizes:     COMMON   BANK0   BANK1   BANK2
      Params:         0       3       0       0
      Locals:         0       2       0       0
      Temps:          0       2       0       0
      Totals:         0       7       0       0
Total ram usage:        7 bytes
 Hardware stack levels used:    1
 Hardware stack levels required when called:    5
 This function calls:
		_i2c_fw_read_byte
		_i2c_fw_read_status
		_i2c_fw_repstart
		_i2c_fw_send_ack
		_i2c_fw_start
		_i2c_fw_stop
		_i2c_fw_write_byte
 This function is called by:
		_bmp180_init
		_bmp180_read_params
		_bmp180_get_ut
		_bmp180_get_up
 This function uses a non-reentrant model


 *************** function _i2c_fw_write_byte *****************
 Defined at:
		line 117 in file "i2c_fw_master.c"
 Parameters:    Size  Location     Type
  data            1    wreg     unsigned char 
 Auto vars:     Size  Location     Type
  data            1    7[BANK0 ] unsigned char 
  i               1    8[BANK0 ] unsigned char 
 Return value:  Size  Location     Type
		None               void
 Registers used:
		wreg, status,2, status,0
 Tracked objects:
		On entry : 
		On exit  : 
		Unchanged: 
 Data sizes:     COMMON   BANK0   BANK1   BANK2
      Params:         0       0       0       0
      Locals:         0       2       0       0
      Temps:          0       2       0       0
      Totals:         0       4       0       0
Total ram usage:        4 bytes
 Hardware stack levels used:    1
 Hardware stack levels required when called:    4
 This function calls:
		Nothing
 This function is called by:
		_i2c_fw_write_and_read
		_i2c_fw_write_only
 This function uses a non-reentrant model


 *************** function _i2c_fw_stop *****************
 Defined at:
		line 39 in file "i2c_fw_master.c"
 Parameters:    Size  Location     Type
		None
 Auto vars:     Size  Location     Type
		None
 Return value:  Size  Location     Type
		None               void
 Registers used:
		None
 Tracked objects:
		On entry : 
		On exit  : 
		Unchanged: 
 Data sizes:     COMMON   BANK0   BANK1   BANK2
      Params:         0       0       0       0
      Locals:         0       0       0       0
      Temps:          0       0       0       0
      Totals:         0       0       0       0
Total ram usage:        0 bytes
 Hardware stack levels used:    1
 Hardware stack levels required when called:    4
 This function calls:
		Nothing
 This function is called by:
		_i2c_fw_write_and_read
		_i2c_fw_write_only
 This function uses a non-reentrant model


 *************** function _i2c_fw_start *****************
 Defined at:
		line 25 in file "i2c_fw_master.c"
 Parameters:    Size  Location     Type
		None
 Auto vars:     Size  Location     Type
		None
 Return value:  Size  Location     Type
		None               void
 Registers used:
		None
 Tracked objects:
		On entry : 
		On exit  : 
		Unchanged: 
 Data sizes:     COMMON   BANK0   BANK1   BANK2
      Params:         0       0       0       0
      Locals:         0       0       0       0
      Temps:          0       0       0       0
      Totals:         0       0       0       0
Total ram usage:        0 bytes
 Hardware stack levels used:    1
 Hardware stack levels required when called:    4
 This function calls:
		Nothing
 This function is called by:
		_i2c_fw_write_and_read
		_i2c_fw_write_only
 This function uses a non-reentrant model


 *************** function _i2c_fw_send_ack *****************
 Defined at:
		line 87 in file "i2c_fw_master.c"
 Parameters:    Size  Location     Type
		None
 Auto vars:     Size  Location     Type
		None
 Return value:  Size  Location     Type
		None               void
 Registers used:
		None
 Tracked objects:
		On entry : 
		On exit  : 
		Unchanged: 
 Data sizes:     COMMON   BANK0   BANK1   BANK2
      Params:         0       0       0       0
      Locals:         0       0       0       0
      Temps:          0       0       0       0
      Totals:         0       0       0       0
Total ram usage:        0 bytes
 Hardware stack levels used:    1
 Hardware stack levels required when called:    4
 This function calls:
		Nothing
 This function is called by:
		_i2c_fw_write_and_read
 This function uses a non-reentrant model


 *************** function _i2c_fw_repstart *****************
 Defined at:
		line 52 in file "i2c_fw_master.c"
 Parameters:    Size  Location     Type
		None
 Auto vars:     Size  Location     Type
		None
 Return value:  Size  Location     Type
		None               void
 Registers used:
		None
 Tracked objects:
		On entry : 
		On exit  : 
		Unchanged: 
 Data sizes:     COMMON   BANK0   BANK1   BANK2
      Params:         0       0       0       0
      Locals:         0       0       0       0
      Temps:          0       0       0       0
      Totals:         0       0       0       0
Total ram usage:        0 bytes
 Hardware stack levels used:    1
 Hardware stack levels required when called:    4
 This function calls:
		Nothing
 This function is called by:
		_i2c_fw_write_and_read
 This function uses a non-reentrant model


 *************** function _i2c_fw_read_status *****************
 Defined at:
		line 71 in file "i2c_fw_master.c"
 Parameters:    Size  Location     Type
		None
 Auto vars:     Size  Location     Type
  ret             1    5[BANK0 ] unsigned char 
 Return value:  Size  Location     Type
                  1    wreg      unsigned char 
 Registers used:
		wreg, status,2
 Tracked objects:
		On entry : 
		On exit  : 
		Unchanged: 
 Data sizes:     COMMON   BANK0   BANK1   BANK2
      Params:         0       0       0       0
      Locals:         0       1       0       0
      Temps:          0       0       0       0
      Totals:         0       1       0       0
Total ram usage:        1 bytes
 Hardware stack levels used:    1
 Hardware stack levels required when called:    4
 This function calls:
		Nothing
 This function is called by:
		_i2c_fw_write_and_read
		_i2c_fw_write_only
 This function uses a non-reentrant model


 *************** function _i2c_fw_read_byte *****************
 Defined at:
		line 145 in file "i2c_fw_master.c"
 Parameters:    Size  Location     Type
		None
 Auto vars:     Size  Location     Type
  i               1    8[BANK0 ] unsigned char 
  data            1    7[BANK0 ] unsigned char 
 Return value:  Size  Location     Type
                  1    wreg      unsigned char 
 Registers used:
		wreg, status,2, status,0
 Tracked objects:
		On entry : 
		On exit  : 
		Unchanged: 
 Data sizes:     COMMON   BANK0   BANK1   BANK2
      Params:         0       0       0       0
      Locals:         0       2       0       0
      Temps:          0       2       0       0
      Totals:         0       4       0       0
Total ram usage:        4 bytes
 Hardware stack levels used:    1
 Hardware stack levels required when called:    4
 This function calls:
		Nothing
 This function is called by:
		_i2c_fw_write_and_read
 This function uses a non-reentrant model


 *************** function _isr *****************
 Defined at:
		line 49 in file "main.c"
 Parameters:    Size  Location     Type
		None
 Auto vars:     Size  Location     Type
		None
 Return value:  Size  Location     Type
		None               void
 Registers used:
		wreg, fsr0l, fsr0h, status,2, status,0, pclath, cstack
 Tracked objects:
		On entry : 
		On exit  : 
		Unchanged: 
 Data sizes:     COMMON   BANK0   BANK1   BANK2
      Params:         0       0       0       0
      Locals:         0       0       0       0
      Temps:          0       5       0       0
      Totals:         0       5       0       0
Total ram usage:        5 bytes
 Hardware stack levels used:    1
 Hardware stack levels required when called:    3
 This function calls:
		_tx_send_data
 This function is called by:
		Interrupt level 1
 This function uses a non-reentrant model


 *************** function _tx_send_data *****************
 Defined at:
		line 76 in file "wl_tx.c"
 Parameters:    Size  Location     Type
  length          1    wreg     unsigned char 
  data            1    6[COMMON] PTR unsigned char 
		 -> data(48), 
 Auto vars:     Size  Location     Type
  length          1    9[COMMON] unsigned char 
  i               1   10[COMMON] unsigned char 
  checksum        1    8[COMMON] unsigned char 
 Return value:  Size  Location     Type
                  1    wreg      unsigned char 
 Registers used:
		wreg, fsr0l, fsr0h, status,2, status,0, pclath, cstack
 Tracked objects:
		On entry : 
		On exit  : 
		Unchanged: 
 Data sizes:     COMMON   BANK0   BANK1   BANK2
      Params:         1       0       0       0
      Locals:         3       0       0       0
      Temps:          1       0       0       0
      Totals:         5       0       0       0
Total ram usage:        5 bytes
 Hardware stack levels used:    1
 Hardware stack levels required when called:    2
 This function calls:
		_sendbit
		_sendbyte
 This function is called by:
		_isr
 This function uses a non-reentrant model


 *************** function _sendbyte *****************
 Defined at:
		line 22 in file "wl_tx.c"
 Parameters:    Size  Location     Type
  data            1    wreg     unsigned char 
 Auto vars:     Size  Location     Type
  data            1    4[COMMON] unsigned char 
  i               1    5[COMMON] unsigned char 
 Return value:  Size  Location     Type
		None               void
 Registers used:
		wreg, status,2, status,0, pclath, cstack
 Tracked objects:
		On entry : 
		On exit  : 
		Unchanged: 
 Data sizes:     COMMON   BANK0   BANK1   BANK2
      Params:         0       0       0       0
      Locals:         2       0       0       0
      Temps:          2       0       0       0
      Totals:         4       0       0       0
Total ram usage:        4 bytes
 Hardware stack levels used:    1
 Hardware stack levels required when called:    1
 This function calls:
		_sendbit
 This function is called by:
		_tx_send_data
 This function uses a non-reentrant model


 *************** function _sendbit *****************
 Defined at:
		line 11 in file "wl_tx.c"
 Parameters:    Size  Location     Type
  bt              1    wreg     unsigned char 
 Auto vars:     Size  Location     Type
  bt              1    1[COMMON] unsigned char 
 Return value:  Size  Location     Type
		None               void
 Registers used:
		wreg, status,2, status,0
 Tracked objects:
		On entry : 
		On exit  : 
		Unchanged: 
 Data sizes:     COMMON   BANK0   BANK1   BANK2
      Params:         0       0       0       0
      Locals:         1       0       0       0
      Temps:          1       0       0       0
      Totals:         2       0       0       0
Total ram usage:        2 bytes
 Hardware stack levels used:    1
 This function calls:
		Nothing
 This function is called by:
		_sendbyte
		_tx_send_data
 This function uses a non-reentrant model



MODULE INFORMATION

Module		Function		Class		Link	Load	Size
uart.c
		_uart_init     		CODE           	0F2A	0000	23

uart.c estimated size: 23

wl_tx.c
		_sendbyte      		CODE           	0F14	0000	23
		_sendbit       		CODE           	0F56	0000	25
		_tx_init       		CODE           	0E85	0000	8
		_tx_send_data  		CODE           	063C	0000	79

wl_tx.c estimated size: 135

i2c_fw_master.c
		_i2c_fw_send_ack		CODE           	0EA9	0000	13
		_i2c_fw_repstart		CODE           	0ECD	0000	17
		_i2c_fw_read_status		CODE           	0EFF	0000	22
		_i2c_fw_init   		CODE           	0E94	0000	11
		_i2c_fw_stop   		CODE           	0EC1	0000	13
		_i2c_fw_start  		CODE           	0EB5	0000	13
		_i2c_fw_read_byte		CODE           	0742	0000	56
		_i2c_fw_write_byte		CODE           	07AC	0000	47
		_i2c_fw_write_and_read		CODE           	068A	0000	73
		_i2c_fw_write_only		CODE           	0FAD	0000	40

i2c_fw_master.c estimated size: 305

onewire.c
		_ow_reset      		CODE           	0FD4	0000	45
		_ow_read_byte  		CODE           	0779	0000	52
		_ow_init       		CODE           	0E7E	0000	8
		_ow_write_byte 		CODE           	070B	0000	56

onewire.c estimated size: 161

shared
		__initialization		CODE           	0013	0000	26

shared estimated size: 26

ds18b20.c
		_ds18b20_read_scratch		CODE           	02C0	0000	307
		_ds18b20_start_convert		CODE           	06D2	0000	58
		_ds18b20_init  		CODE           	07FC	0000	4

ds18b20.c estimated size: 369

bmp180.c
		_bmp180_init   		CODE           	07DA	0000	35
		_bmp180_get_up 		CODE           	03F2	0000	213
		_bmp180_get_ut 		CODE           	05DC	0000	97
		_bmp180_read_params		CODE           	0553	0000	138

bmp180.c estimated size: 483

main.c
		_pic_init      		CODE           	0EED	0000	19
		_main          		CODE           	002F	0000	658
		_init_tx_interrupt		CODE           	0E9E	0000	12
		_isr           		CODE           	0F8C	0000	34

main.c estimated size: 723

dht22.c
		_dht22_init    		CODE           	0F6E	0000	31
		_dht22_read    		CODE           	04C6	0000	142

dht22.c estimated size: 173

